2025-11-17 16:52:38,952 - root - INFO - ARK Advanced Trainer initialized
2025-11-17 16:53:04,492 - root - INFO - Continuous training started
2025-11-17 16:58:04,501 - root - ERROR - Error getting training statistics: no such table: training_samples
2025-11-17 16:58:04,509 - root - ERROR - Error analyzing conversations: no such column: ark_response
2025-11-17 17:03:04,503 - root - ERROR - Error getting training statistics: no such table: training_samples
2025-11-17 17:03:04,528 - root - ERROR - Error analyzing conversations: no such column: ark_response
2025-11-17 17:08:12,314 - root - ERROR - Error analyzing conversations: no such column: ark_response
2025-11-17 17:09:20,426 - root - ERROR - Error getting training statistics: no such table: training_samples
2025-11-17 17:13:12,334 - root - ERROR - Error analyzing conversations: no such column: ark_response
2025-11-17 17:14:20,434 - root - ERROR - Error getting training statistics: no such table: training_samples
2025-11-17 17:18:12,353 - root - ERROR - Error analyzing conversations: no such column: ark_response
2025-11-17 17:19:20,438 - root - ERROR - Error getting training statistics: no such table: training_samples
2025-11-17 17:23:12,374 - root - ERROR - Error analyzing conversations: no such column: ark_response
2025-11-17 17:24:20,442 - root - ERROR - Error getting training statistics: no such table: training_samples
2025-11-17 17:28:12,394 - root - ERROR - Error analyzing conversations: no such column: ark_response
2025-11-17 17:29:20,444 - root - ERROR - Error getting training statistics: no such table: training_samples
2025-11-17 17:33:12,412 - root - ERROR - Error analyzing conversations: no such column: ark_response
2025-11-17 17:34:20,447 - root - ERROR - Error getting training statistics: no such table: training_samples
2025-11-17 17:38:12,430 - root - ERROR - Error analyzing conversations: no such column: ark_response
2025-11-17 17:39:20,451 - root - ERROR - Error getting training statistics: no such table: training_samples
2025-11-17 17:43:12,449 - root - ERROR - Error analyzing conversations: no such column: ark_response
2025-11-17 17:44:20,455 - root - ERROR - Error getting training statistics: no such table: training_samples
2025-11-17 17:48:12,468 - root - ERROR - Error analyzing conversations: no such column: ark_response
2025-11-17 17:49:20,458 - root - ERROR - Error getting training statistics: no such table: training_samples
2025-11-17 17:53:12,487 - root - INFO - Starting web data collection
2025-11-17 17:53:31,195 - root - INFO - Collected 19 training samples from web resources
2025-11-17 17:53:31,199 - root - ERROR - Error analyzing conversations: no such column: ark_response
2025-11-17 17:54:20,462 - root - ERROR - Error getting training statistics: 'NoneType' object is not subscriptable
2025-11-17 17:58:31,218 - root - ERROR - Error analyzing conversations: no such column: ark_response
2025-11-17 17:59:20,466 - root - ERROR - Error getting training statistics: 'NoneType' object is not subscriptable
2025-11-17 18:03:31,238 - root - ERROR - Error analyzing conversations: no such column: ark_response
2025-11-17 18:04:20,469 - root - ERROR - Error getting training statistics: 'NoneType' object is not subscriptable
2025-11-17 18:08:31,256 - root - ERROR - Error analyzing conversations: no such column: ark_response
2025-11-17 18:09:20,473 - root - ERROR - Error getting training statistics: 'NoneType' object is not subscriptable
2025-11-17 18:13:31,276 - root - ERROR - Error analyzing conversations: no such column: ark_response
2025-11-17 18:14:20,478 - root - ERROR - Error getting training statistics: 'NoneType' object is not subscriptable
2025-11-17 18:18:31,298 - root - ERROR - Error analyzing conversations: no such column: ark_response
2025-11-17 18:19:20,484 - root - ERROR - Error getting training statistics: 'NoneType' object is not subscriptable
2025-11-17 18:23:31,320 - root - ERROR - Error analyzing conversations: no such column: ark_response
2025-11-17 18:24:20,489 - root - ERROR - Error getting training statistics: 'NoneType' object is not subscriptable
2025-11-17 18:28:31,340 - root - ERROR - Error analyzing conversations: no such column: ark_response
2025-11-17 18:29:20,492 - root - ERROR - Error getting training statistics: 'NoneType' object is not subscriptable
2025-11-17 18:33:31,359 - root - ERROR - Error analyzing conversations: no such column: ark_response
2025-11-17 18:34:20,496 - root - ERROR - Error getting training statistics: 'NoneType' object is not subscriptable
2025-11-17 18:38:31,379 - root - ERROR - Error analyzing conversations: no such column: ark_response
2025-11-17 18:39:20,500 - root - ERROR - Error getting training statistics: 'NoneType' object is not subscriptable
2025-11-17 18:43:31,397 - root - ERROR - Error analyzing conversations: no such column: ark_response
2025-11-17 18:44:20,503 - root - ERROR - Error getting training statistics: 'NoneType' object is not subscriptable
2025-11-17 18:48:31,417 - root - ERROR - Error analyzing conversations: no such column: ark_response
2025-11-17 18:49:20,507 - root - ERROR - Error getting training statistics: 'NoneType' object is not subscriptable
2025-11-17 18:53:31,435 - root - INFO - Starting web data collection
2025-11-17 18:53:41,881 - root - INFO - Collected 19 training samples from web resources
2025-11-17 18:53:41,884 - root - ERROR - Error analyzing conversations: no such column: ark_response
2025-11-17 18:54:20,510 - root - ERROR - Error getting training statistics: 'NoneType' object is not subscriptable
2025-11-17 18:58:41,902 - root - ERROR - Error analyzing conversations: no such column: ark_response
2025-11-17 18:59:20,515 - root - ERROR - Error getting training statistics: 'NoneType' object is not subscriptable
2025-11-17 19:03:41,918 - root - ERROR - Error analyzing conversations: no such column: ark_response
2025-11-17 19:04:20,518 - root - ERROR - Error getting training statistics: 'NoneType' object is not subscriptable
2025-11-17 19:08:41,935 - root - ERROR - Error analyzing conversations: no such column: ark_response
2025-11-17 19:09:20,522 - root - ERROR - Error getting training statistics: 'NoneType' object is not subscriptable
2025-11-17 19:13:41,953 - root - ERROR - Error analyzing conversations: no such column: ark_response
2025-11-17 19:14:20,526 - root - ERROR - Error getting training statistics: 'NoneType' object is not subscriptable
2025-11-17 19:18:41,971 - root - ERROR - Error analyzing conversations: no such column: ark_response
2025-11-17 19:19:20,530 - root - ERROR - Error getting training statistics: 'NoneType' object is not subscriptable
2025-11-17 19:23:41,991 - root - ERROR - Error analyzing conversations: no such column: ark_response
2025-11-17 19:24:20,533 - root - ERROR - Error getting training statistics: 'NoneType' object is not subscriptable
2025-11-17 19:28:42,011 - root - ERROR - Error analyzing conversations: no such column: ark_response
2025-11-17 19:29:20,534 - root - ERROR - Error getting training statistics: 'NoneType' object is not subscriptable
2025-11-17 19:33:42,031 - root - ERROR - Error analyzing conversations: no such column: ark_response
2025-11-17 19:34:20,539 - root - ERROR - Error getting training statistics: 'NoneType' object is not subscriptable
2025-11-17 19:38:42,051 - root - ERROR - Error analyzing conversations: no such column: ark_response
2025-11-17 19:39:20,542 - root - ERROR - Error getting training statistics: 'NoneType' object is not subscriptable
2025-11-17 19:43:42,072 - root - ERROR - Error analyzing conversations: no such column: ark_response
2025-11-17 19:44:20,546 - root - ERROR - Error getting training statistics: 'NoneType' object is not subscriptable
2025-11-17 19:48:42,095 - root - ERROR - Error analyzing conversations: no such column: ark_response
2025-11-17 19:49:20,549 - root - ERROR - Error getting training statistics: 'NoneType' object is not subscriptable
2025-11-17 19:53:42,113 - root - INFO - Starting web data collection
2025-11-17 19:53:52,216 - root - INFO - Collected 19 training samples from web resources
2025-11-17 19:53:52,219 - root - ERROR - Error analyzing conversations: no such column: ark_response
2025-11-17 19:54:20,551 - root - ERROR - Error getting training statistics: 'NoneType' object is not subscriptable
2025-11-17 20:26:26,007 - root - ERROR - Error analyzing conversations: no such column: ark_response
2025-11-17 20:26:26,007 - root - ERROR - Error getting training statistics: 'NoneType' object is not subscriptable
2025-11-17 20:31:26,035 - root - ERROR - Error analyzing conversations: no such column: ark_response
2025-11-17 20:31:26,039 - root - ERROR - Error getting training statistics: 'NoneType' object is not subscriptable
2025-11-17 20:36:26,041 - root - ERROR - Error getting training statistics: 'NoneType' object is not subscriptable
2025-11-17 20:36:26,052 - root - ERROR - Error analyzing conversations: no such column: ark_response
2025-11-17 20:41:26,045 - root - ERROR - Error getting training statistics: 'NoneType' object is not subscriptable
2025-11-17 20:41:26,071 - root - ERROR - Error analyzing conversations: no such column: ark_response
2025-11-17 20:46:26,049 - root - ERROR - Error getting training statistics: 'NoneType' object is not subscriptable
2025-11-17 20:46:26,110 - root - ERROR - Error analyzing conversations: no such column: ark_response
2025-11-17 20:51:26,053 - root - ERROR - Error getting training statistics: 'NoneType' object is not subscriptable
2025-11-17 20:51:26,143 - root - ERROR - Error analyzing conversations: no such column: ark_response
2025-11-17 20:53:56,155 - root - INFO - Starting web data collection
2025-11-17 20:54:08,226 - root - INFO - Collected 19 training samples from web resources
2025-11-17 20:56:26,059 - root - ERROR - Error getting training statistics: 'NoneType' object is not subscriptable
2025-11-17 20:56:28,241 - root - ERROR - Error analyzing conversations: no such column: ark_response
2025-11-17 21:01:26,064 - root - ERROR - Error getting training statistics: 'NoneType' object is not subscriptable
2025-11-17 21:01:28,269 - root - ERROR - Error analyzing conversations: no such column: ark_response
2025-11-17 21:06:26,068 - root - ERROR - Error getting training statistics: 'NoneType' object is not subscriptable
2025-11-17 21:06:28,293 - root - ERROR - Error analyzing conversations: no such column: ark_response
2025-11-17 21:11:26,074 - root - ERROR - Error getting training statistics: 'NoneType' object is not subscriptable
2025-11-17 21:11:28,318 - root - ERROR - Error analyzing conversations: no such column: ark_response
2025-11-17 21:16:26,079 - root - ERROR - Error getting training statistics: 'NoneType' object is not subscriptable
2025-11-17 21:16:28,341 - root - ERROR - Error analyzing conversations: no such column: ark_response
2025-11-17 21:21:26,086 - root - ERROR - Error getting training statistics: 'NoneType' object is not subscriptable
2025-11-17 21:21:28,364 - root - ERROR - Error analyzing conversations: no such column: ark_response
2025-11-17 21:26:26,091 - root - ERROR - Error getting training statistics: 'NoneType' object is not subscriptable
2025-11-17 21:26:28,391 - root - ERROR - Error analyzing conversations: no such column: ark_response
2025-11-17 21:31:26,097 - root - ERROR - Error getting training statistics: 'NoneType' object is not subscriptable
2025-11-17 21:31:28,416 - root - ERROR - Error analyzing conversations: no such column: ark_response
2025-11-17 21:36:26,101 - root - ERROR - Error getting training statistics: 'NoneType' object is not subscriptable
2025-11-17 21:36:28,443 - root - ERROR - Error analyzing conversations: no such column: ark_response
2025-11-17 21:41:26,105 - root - ERROR - Error getting training statistics: 'NoneType' object is not subscriptable
2025-11-17 21:41:28,474 - root - ERROR - Error analyzing conversations: no such column: ark_response
2025-11-17 21:46:26,111 - root - ERROR - Error getting training statistics: 'NoneType' object is not subscriptable
2025-11-17 21:46:28,497 - root - ERROR - Error analyzing conversations: no such column: ark_response
2025-11-17 21:51:26,118 - root - ERROR - Error getting training statistics: 'NoneType' object is not subscriptable
2025-11-17 21:51:28,519 - root - ERROR - Error analyzing conversations: no such column: ark_response
2025-11-17 21:54:08,531 - root - INFO - Starting web data collection
2025-11-17 21:54:19,551 - root - INFO - Collected 19 training samples from web resources
2025-11-17 21:56:26,125 - root - ERROR - Error getting training statistics: 'NoneType' object is not subscriptable
2025-11-17 21:56:29,565 - root - ERROR - Error analyzing conversations: no such column: ark_response
2025-11-17 23:10:37,374 - root - ERROR - Error analyzing conversations: no such column: ark_response
2025-11-17 23:10:37,397 - root - INFO - Starting web data collection
2025-11-17 23:10:53,020 - root - INFO - Collected 19 training samples from web resources
2025-11-17 23:11:57,760 - root - ERROR - Error getting training statistics: 'NoneType' object is not subscriptable
2025-11-17 23:15:43,039 - root - ERROR - Error analyzing conversations: no such column: ark_response
2025-11-17 23:16:57,763 - root - ERROR - Error getting training statistics: 'NoneType' object is not subscriptable
2025-11-17 23:20:43,065 - root - ERROR - Error analyzing conversations: no such column: ark_response
2025-11-17 23:21:57,767 - root - ERROR - Error getting training statistics: 'NoneType' object is not subscriptable
2025-11-17 23:25:43,088 - root - ERROR - Error analyzing conversations: no such column: ark_response
2025-11-17 23:26:57,771 - root - ERROR - Error getting training statistics: 'NoneType' object is not subscriptable
2025-11-17 23:30:43,109 - root - ERROR - Error analyzing conversations: no such column: ark_response
2025-11-17 23:31:57,775 - root - ERROR - Error getting training statistics: 'NoneType' object is not subscriptable
2025-11-17 23:35:43,131 - root - ERROR - Error analyzing conversations: no such column: ark_response
2025-11-17 23:36:57,779 - root - ERROR - Error getting training statistics: 'NoneType' object is not subscriptable
2025-11-17 23:40:43,154 - root - ERROR - Error analyzing conversations: no such column: ark_response
2025-11-17 23:41:57,783 - root - ERROR - Error getting training statistics: 'NoneType' object is not subscriptable
2025-11-17 23:45:43,174 - root - ERROR - Error analyzing conversations: no such column: ark_response
2025-11-17 23:46:57,786 - root - ERROR - Error getting training statistics: 'NoneType' object is not subscriptable
2025-11-17 23:50:43,195 - root - ERROR - Error analyzing conversations: no such column: ark_response
2025-11-17 23:51:57,790 - root - ERROR - Error getting training statistics: 'NoneType' object is not subscriptable
2025-11-18 00:18:58,565 - root - ERROR - Error analyzing conversations: no such column: ark_response
2025-11-18 00:18:58,610 - root - INFO - Starting web data collection
2025-11-18 00:19:03,256 - root - ERROR - Error getting training statistics: 'NoneType' object is not subscriptable
2025-11-18 02:18:12,718 - root - ERROR - Error collecting Wikipedia data for productivity: HTTPConnectionPool(host='en.wikipedia.org', port=80): Max retries exceeded with url: /w/api.php?prop=info%7Cpageprops&inprop=url&ppprop=disambiguation&redirects=&titles=Productivity&format=json&action=query (Caused by NameResolutionError("<urllib3.connection.HTTPConnection object at 0x000001A879167F00>: Failed to resolve 'en.wikipedia.org' ([Errno 11001] getaddrinfo failed)"))
2025-11-18 02:18:12,723 - root - ERROR - Error collecting Wikipedia data for time management: HTTPConnectionPool(host='en.wikipedia.org', port=80): Max retries exceeded with url: /w/api.php?prop=info%7Cpageprops&inprop=url&ppprop=disambiguation&redirects=&titles=Time+management&format=json&action=query (Caused by NameResolutionError("<urllib3.connection.HTTPConnection object at 0x000001A879167130>: Failed to resolve 'en.wikipedia.org' ([Errno 11001] getaddrinfo failed)"))
2025-11-18 02:18:12,728 - root - ERROR - Error collecting Wikipedia data for artificial intelligence: HTTPConnectionPool(host='en.wikipedia.org', port=80): Max retries exceeded with url: /w/api.php?prop=info%7Cpageprops&inprop=url&ppprop=disambiguation&redirects=&titles=Artificial+intelligence&format=json&action=query (Caused by NameResolutionError("<urllib3.connection.HTTPConnection object at 0x000001A879167460>: Failed to resolve 'en.wikipedia.org' ([Errno 11001] getaddrinfo failed)"))
2025-11-18 02:18:12,743 - root - INFO - Collected 13 training samples from web resources
2025-11-18 06:19:06,135 - root - ERROR - Error analyzing conversations: no such column: ark_response
2025-11-18 06:19:06,197 - root - INFO - Starting web data collection
2025-11-18 06:19:07,277 - root - ERROR - Error collecting Wikipedia data for productivity: HTTPConnectionPool(host='en.wikipedia.org', port=80): Max retries exceeded with url: /w/api.php?prop=info%7Cpageprops&inprop=url&ppprop=disambiguation&redirects=&titles=Productivity&format=json&action=query (Caused by NameResolutionError("<urllib3.connection.HTTPConnection object at 0x000001A879384D10>: Failed to resolve 'en.wikipedia.org' ([Errno 11001] getaddrinfo failed)"))
2025-11-18 06:19:07,279 - root - ERROR - Error collecting Wikipedia data for time management: HTTPConnectionPool(host='en.wikipedia.org', port=80): Max retries exceeded with url: /w/api.php?prop=info%7Cpageprops&inprop=url&ppprop=disambiguation&redirects=&titles=Time+management&format=json&action=query (Caused by NameResolutionError("<urllib3.connection.HTTPConnection object at 0x000001A879384050>: Failed to resolve 'en.wikipedia.org' ([Errno 11001] getaddrinfo failed)"))
2025-11-18 06:19:07,281 - root - ERROR - Error collecting Wikipedia data for artificial intelligence: HTTPConnectionPool(host='en.wikipedia.org', port=80): Max retries exceeded with url: /w/api.php?prop=info%7Cpageprops&inprop=url&ppprop=disambiguation&redirects=&titles=Artificial+intelligence&format=json&action=query (Caused by NameResolutionError("<urllib3.connection.HTTPConnection object at 0x000001A879387130>: Failed to resolve 'en.wikipedia.org' ([Errno 11001] getaddrinfo failed)"))
2025-11-18 06:19:07,283 - root - INFO - Collected 0 training samples from web resources
2025-11-18 11:00:16,214 - root - ERROR - Error analyzing conversations: no such column: ark_response
2025-11-18 11:00:16,216 - root - INFO - Starting web data collection
2025-11-18 11:00:28,457 - root - INFO - Collected 19 training samples from web resources
2025-11-18 11:01:42,864 - root - ERROR - Error getting training statistics: 'NoneType' object is not subscriptable
2025-11-18 11:05:18,499 - root - ERROR - Error analyzing conversations: no such column: ark_response
2025-11-18 11:06:42,870 - root - ERROR - Error getting training statistics: 'NoneType' object is not subscriptable
2025-11-18 11:10:18,526 - root - ERROR - Error analyzing conversations: no such column: ark_response
2025-11-18 11:11:42,874 - root - ERROR - Error getting training statistics: 'NoneType' object is not subscriptable
2025-11-18 11:41:02,249 - root - ERROR - Error analyzing conversations: no such column: ark_response
2025-11-18 11:43:07,485 - root - ERROR - Error getting training statistics: 'NoneType' object is not subscriptable
2025-11-18 11:46:02,372 - root - ERROR - Error analyzing conversations: no such column: ark_response
2025-11-18 11:48:07,491 - root - ERROR - Error getting training statistics: 'NoneType' object is not subscriptable
2025-11-18 11:51:02,396 - root - ERROR - Error analyzing conversations: no such column: ark_response
2025-11-18 11:53:07,498 - root - ERROR - Error getting training statistics: 'NoneType' object is not subscriptable
2025-11-18 11:56:02,417 - root - ERROR - Error analyzing conversations: no such column: ark_response
2025-11-18 11:58:07,502 - root - ERROR - Error getting training statistics: 'NoneType' object is not subscriptable
2025-11-18 12:00:32,441 - root - INFO - Starting web data collection
2025-11-18 12:00:43,951 - root - INFO - Collected 19 training samples from web resources
2025-11-18 12:01:03,960 - root - ERROR - Error analyzing conversations: no such column: ark_response
2025-11-18 12:03:07,506 - root - ERROR - Error getting training statistics: 'NoneType' object is not subscriptable
2025-11-18 12:06:03,987 - root - ERROR - Error analyzing conversations: no such column: ark_response
2025-11-18 12:57:48,969 - root - ERROR - Error analyzing conversations: no such column: ark_response
2025-11-18 13:00:17,455 - root - ERROR - Error getting training statistics: 'NoneType' object is not subscriptable
2025-11-18 13:00:53,950 - root - INFO - Starting web data collection
2025-11-18 13:01:05,186 - root - INFO - Collected 19 training samples from web resources
2025-11-18 13:02:55,195 - root - ERROR - Error analyzing conversations: no such column: ark_response
2025-11-18 13:05:17,458 - root - ERROR - Error getting training statistics: 'NoneType' object is not subscriptable
2025-11-18 13:07:55,216 - root - ERROR - Error analyzing conversations: no such column: ark_response
2025-11-18 13:10:17,462 - root - ERROR - Error getting training statistics: 'NoneType' object is not subscriptable
2025-11-18 13:12:55,237 - root - ERROR - Error analyzing conversations: no such column: ark_response
2025-11-18 13:15:17,467 - root - ERROR - Error getting training statistics: 'NoneType' object is not subscriptable
2025-11-18 13:17:55,255 - root - ERROR - Error analyzing conversations: no such column: ark_response
2025-11-18 13:20:17,470 - root - ERROR - Error getting training statistics: 'NoneType' object is not subscriptable
2025-11-18 13:22:55,276 - root - ERROR - Error analyzing conversations: no such column: ark_response
2025-11-18 13:25:17,474 - root - ERROR - Error getting training statistics: 'NoneType' object is not subscriptable
2025-11-18 13:47:24,663 - root - ERROR - Error getting training statistics: 'NoneType' object is not subscriptable
2025-11-18 13:47:24,676 - root - ERROR - Error analyzing conversations: no such column: ark_response
